Hello, World!
!dlroW ,olleH
!dlroW ,olleH
!dlroW ,olleH
