AB
DDEc
DDEc
DDEc
DDEc
DDEc
DDEc
DDEc
DDEc
DDEc
DDEc
DDCc
aba2b